antigravity: scopes=global mcp=<HOME>/.gemini/config/mcp_config.json format=json instructions=none skill=<HOME>/.gemini/config/skills/codegraph hooks=none
claude: scopes=global,local mcp=<HOME>/.claude.json format=json instructions=<HOME>/.claude/CLAUDE.md skill=<HOME>/.claude/skills/codegraph hooks=claude-json
codex: scopes=global,local mcp=<HOME>/.codex/config.toml format=toml instructions=<HOME>/.codex/AGENTS.md skill=<HOME>/.agents/skills/codegraph hooks=codex-json
cursor: scopes=global,local mcp=<HOME>/.cursor/mcp.json format=json instructions=none skill=<HOME>/.agents/skills/codegraph hooks=none
gemini: scopes=global,local mcp=<HOME>/.gemini/settings.json format=json instructions=<HOME>/.gemini/GEMINI.md skill=<HOME>/.gemini/skills/codegraph hooks=none
hermes: scopes=global mcp=<HOME>/.hermes/config.yaml format=yaml instructions=none skill=none hooks=none
kiro: scopes=global,local mcp=<HOME>/.kiro/settings/mcp.json format=json instructions=none skill=<HOME>/.kiro/skills/codegraph hooks=none
opencode: scopes=global,local mcp=<HOME>/.config/opencode/opencode.jsonc format=jsonc instructions=<HOME>/.config/opencode/AGENTS.md skill=<HOME>/.agents/skills/codegraph hooks=none
